[www.mdx.ac.ae/index.html]
[backblue.gif]
[fade.gif]
[index.html]
[www.mdx.ac.ae/favicon.ico]
[www.mdx.ac.ae/fonts/font.css]
[www.mdx.ac.ae/_next/static/css/1edeba02f292781e.css]
[www.mdx.ac.ae/_next/static/css/b76a63bf53fa0bee.css]
[www.mdx.ac.ae/_next/static/css/75c261248d0a628b.css]
[www.mdx.ac.ae/_next/static/css/564391cbbe8519a4.css]
[www.mdx.ac.ae/_next/static/chunks/polyfills-0d1b80a048d4787e.js]
[www.mdx.ac.ae/_next/static/chunks/webpack-c891b9dae1995d69.js]
[www.mdx.ac.ae/_next/static/chunks/framework-3b7283d6a8166ac6.js]
[www.mdx.ac.ae/_next/static/chunks/main-498d9ee2049b87f7.js]
[www.mdx.ac.ae/_next/static/chunks/pages/_app-d2e88edb710c6360.js]
[www.mdx.ac.ae/_next/static/chunks/75fc9c18-c2f43e46d3710f35.js]
[www.mdx.ac.ae/_next/static/chunks/503-1c2fab85743a5f99.js]
[www.mdx.ac.ae/_next/static/chunks/482-b9ed05f4aa2e1e6d.js]
[www.mdx.ac.ae/_next/static/chunks/962-6c318f12351c2b1f.js]
[www.mdx.ac.ae/_next/static/chunks/568-5b0d3637a5c47546.js]
[www.mdx.ac.ae/_next/static/chunks/pages/index-11cf60d3cc0bb88f.js]
[www.mdx.ac.ae/_next/static/chunks/321-a4519757428b059f.js]
[www.mdx.ac.ae/_next/static/JemrqXEWX0SoX91oVbc4e/_buildManifest.js]
[www.mdx.ac.ae/_next/static/JemrqXEWX0SoX91oVbc4e/_ssgManifest.js]
[www.mdx.ac.ae/images/icons/icon_apply.svg]
[www.mdx.ac.ae/enquire-us.html]
[www.mdx.ac.ae/images/icons/icon_hand.svg]
[www.mdx.ac.ae/call-back.html]
[www.mdx.ac.ae/images/icons/icon_call.svg]
[www.mdx.ac.ae/images/icons/icon_whatsapp.svg]
[www.mdx.ac.ae/opendays.html]
[www.mdx.ac.ae/images/icons/icon_openday.svg]
[www.mdx.ac.ae/study.html]
[www.mdx.ac.ae/contact-us.html]
[www.mdx.ac.ae/images/covers/cover_course.png]
[www.mdx.ac.ae/_next/Courses_fb5bfb4ef8fee9.jpeg]
[www.mdx.ac.ae/_next/IMG_1210_bf208fbe2296b3.jpeg]
[www.mdx.ac.ae/_next/HCT_6_a1d88aff6d48dd.png]
[www.mdx.ac.ae/_next/image00003_73e4b5ff9154fa.jpeg]
[www.mdx.ac.ae/cdn-cgi/l/email-protection.html]
[www.mdx.ac.ae/_next/IMG_20211207_144612_ba397c70acd623.jpeg]
[www.mdx.ac.ae/_next/facilty_01_0f099854ed8f85.jpeg]
[www.mdx.ac.ae/_next/Libraries_b44817609b00d1.jpeg]
[www.mdx.ac.ae/_next/learning_space_e00d1706af41d2.jpeg]
[www.mdx.ac.ae/_next/learning_space_copy_ece77966807233.jpeg]
[www.mdx.ac.ae/_next/720_x_695_f1a2b397cef35d.jpeg]
[www.mdx.ac.ae/_next/team_mdx_779eff8c7a9ed3.jpeg]
[www.mdx.ac.ae/sports.html]
[www.mdx.ac.ae/socialclubs.html]
[www.mdx.ac.ae/_next/Badminton_d4b2eaf7ee9c63.jpeg]
[www.mdx.ac.ae/_next/Book_Club_7cc48cdd6c6b92.jpeg]
[www.mdx.ac.ae/_next/Football_be0f390953099a.jpeg]
[www.mdx.ac.ae/_next/Music_Club_1e247424db9808.jpeg]
[www.mdx.ac.ae/_next/Basket_Ball_cfc18c18218242.jpeg]
[www.mdx.ac.ae/index.html]
[www.mdx.ac.ae/cdn-cgi/scripts/5c5dd728/cloudflare-static/email-decode.min.js]
[www.mdx.ac.ae/fonts/dax/Dax.woff2]
[www.mdx.ac.ae/fonts/dax/Dax.woff]
[www.mdx.ac.ae/fonts/dax/Dax.html]
[www.mdx.ac.ae/fonts/dax/DaxMedium.woff2]
[www.mdx.ac.ae/fonts/dax/DaxMedium.woff]
[www.mdx.ac.ae/fonts/dax/DaxMedium.html]
[www.mdx.ac.ae/fonts/dax/DaxLight.woff2]
[www.mdx.ac.ae/fonts/dax/DaxLight.woff]
[www.mdx.ac.ae/fonts/dax/DaxLight.html]
[www.mdx.ac.ae/fonts/dax/DaxBold.woff2]
[www.mdx.ac.ae/fonts/dax/DaxBold.woff]
[www.mdx.ac.ae/fonts/dax/DaxBold.html]
[www.mdx.ac.ae/fonts/monument/MonumentExtended-Ultrabold.woff2]
[www.mdx.ac.ae/fonts/monument/MonumentExtended-Ultrabold.woff]
[www.mdx.ac.ae/fonts/monument/MonumentExtended-Regular.woff2]
[www.mdx.ac.ae/fonts/monument/MonumentExtended-Regular.woff]
[www.mdx.ac.ae/fonts/font.css]
[www.mdx.ac.ae/_next/static/css/1edeba02f292781e.css]
[www.mdx.ac.ae/_next/static/css/75c261248d0a628b.css]
[www.mdx.ac.ae/_next/static/css/b76a63bf53fa0bee.css]
[www.mdx.ac.ae/images/alumni/banner-gradient.png]
[www.mdx.ac.ae/images/alumni/alumni-explore-gradient.png]
[www.mdx.ac.ae/_next/static/css/564391cbbe8519a4.css]
[www.mdx.ac.ae/images/icons/icon_apply.svg]
[www.mdx.ac.ae/_next/static/css/fc8c789f6ba1e936.css]
[www.mdx.ac.ae/_next/static/chunks/pages/[...slug]-4255b3f3b6bcdda5.js]
[www.mdx.ac.ae/_next/Contact_us_enquire_now_c09a80579a10f7.png]
[www.mdx.ac.ae/enquire-us.html]
[www.mdx.ac.ae/images/icons/icon_hand.svg]
[www.mdx.ac.ae/_next/ENQUIRE_US_CALL_BACK_87db49a30889f0.png]
[www.mdx.ac.ae/+971 (0)4 367 8100.html]
[api.mdx.ac.ae/uploads/enquire_us_call_back_c87fb1cf59.png]
[www.mdx.ac.ae/call-back.html]
[www.mdx.ac.ae/images/icons/icon_call.svg]
[www.mdx.ac.ae/images/icons/icon_whatsapp.svg]
[www.mdx.ac.ae/_next/MOB_Open_Days_8f2c2b2f42f44a.jpeg]
[www.mdx.ac.ae/opendays.html]
[www.mdx.ac.ae/images/icons/icon_openday.svg]
[www.mdx.ac.ae/_next/COURSES_0e403b0688446f.jpeg]
[www.mdx.ac.ae/study.html]
[www.mdx.ac.ae/_next/Banner_e0fb576f3befd0.jpeg]
[www.mdx.ac.ae/contact-us.html]
[www.mdx.ac.ae/cdn-cgi/l/email-protection.html]
[www.mdx.ac.ae/_next/sports_banner_674499322324a1.jpeg]
[www.mdx.ac.ae/_next/sports_img_009_307c19251057c1.jpeg]
[www.mdx.ac.ae/_next/Athletics_card_82ffe05b32c953.png]
[www.mdx.ac.ae/_next/sports_img_007_44100659579cd7.jpeg]
[www.mdx.ac.ae/_next/sports_img_002_3e790b61a11efc.jpeg]
[www.mdx.ac.ae/_next/sports_img_003_a9d355a1cbe502.jpeg]
[www.mdx.ac.ae/_next/sports_img_005_0c3787c60ce9b5.jpeg]
[www.mdx.ac.ae/_next/sports_img_006_0d872e3f3234b1.jpeg]
[www.mdx.ac.ae/_next/sports_img_004_8ab88386201f2e.jpeg]
[www.mdx.ac.ae/sports.html]
[www.mdx.ac.ae/_next/Social_Clubs_c413a643f9a474.png]
[www.mdx.ac.ae/socialclubs.html]
[www.mdx.ac.ae/_next/errorf921.gif]
[www.mdx.ac.ae/fonts/dax/Dax.html]
[www.mdx.ac.ae/fonts/dax/DaxMedium.html]
[www.mdx.ac.ae/fonts/dax/DaxLight.html]
[www.mdx.ac.ae/fonts/dax/DaxBold.html]
[www.mdx.ac.ae/_next/static/css/fc8c789f6ba1e936.css]
[www.mdx.ac.ae/+971 (0)4 367 8100.html]
